MO offchip_memory NULL offchip_memory.v vlg7B/offchip__memory.bin 1395227431
MO rom NULL rom.v vlg3A/rom.bin 1395227431
MO memory_hierarchy NULL memory_hierarchy.v vlg47/memory__hierarchy.bin 1395227431
MO Cache_2way_Associative NULL Cache_2way_Associative.v vlg30/_cache__2way___associative.bin 1395227431
MO Cache_Direct_Mapped NULL Cache_Direct_Mapped.v vlg74/_cache___direct___mapped.bin 1394376262
