12:07:38 **** Incremental Build of configuration Debug for project leds ****
make pre-build main-build 
a9-linaro-pre-build-step
' '
make: Nothing to be done for 'main-build'.
12:07:46 **** Incremental Build of configuration Debug for project leds ****
make pre-build main-build 
a9-linaro-pre-build-step
' '
make: Nothing to be done for 'main-build'.
12:08:30 **** Incremental Build of configuration Debug for project leds ****
make pre-build main-build 
a9-linaro-pre-build-step
' '
make: Nothing to be done for 'main-build'.
12:08:52 **** Auto Build of configuration Debug for project leds ****
make pre-build main-build 
a9-linaro-pre-build-step
' '
'Building file: ../src/main.c'
'Invoking: ARM v7 gcc compiler'
arm-none-eabi-gcc -Wall -O0 -g3 -c -fmessage-length=0 -MT"src/main.o" -mcpu=cortex-a9 -mfpu=vfpv3 -mfloat-abi=hard -I../../leds_bsp/ps7_cortexa9_0/include -MMD -MP -MF"src/main.d" -MT"src/main.o" -o "src/main.o" "../src/main.c"
../src/main.c: In function 'main':
../src/main.c:10:10: warning: initialization makes pointer from integer without a cast [-Wint-conversion]
 int *ptr=0x43c00000;
          ^~~~~~~~~~
'Finished building: ../src/main.c'
' '
'Building target: leds.elf'
'Invoking: ARM v7 gcc linker'
arm-none-eabi-gcc -mcpu=cortex-a9 -mfpu=vfpv3 -mfloat-abi=hard -Wl,-build-id=none -specs=Xilinx.spec -Wl,-T -Wl,../src/lscript.ld -L../../leds_bsp/ps7_cortexa9_0/lib -o "leds.elf"  ./src/main.o   -Wl,--start-group,-lxil,-lgcc,-lc,--end-group
'Finished building target: leds.elf'
' '
'Invoking: ARM v7 Print Size'
arm-none-eabi-size leds.elf  |tee "leds.elf.size"
   text	   data	    bss	    dec	    hex	filename
  19136	   1144	  22568	  42848	   a760	leds.elf
'Finished building: leds.elf.size'
' '
12:09:04 **** Incremental Build of configuration Debug for project leds ****
make pre-build main-build 
a9-linaro-pre-build-step
' '
make: Nothing to be done for 'main-build'.
12:09:38 **** Auto Build of configuration Debug for project leds ****
make pre-build main-build 
a9-linaro-pre-build-step
' '
'Building file: ../src/main.c'
'Invoking: ARM v7 gcc compiler'
arm-none-eabi-gcc -Wall -O0 -g3 -c -fmessage-length=0 -MT"src/main.o" -mcpu=cortex-a9 -mfpu=vfpv3 -mfloat-abi=hard -I../../leds_bsp/ps7_cortexa9_0/include -MMD -MP -MF"src/main.d" -MT"src/main.o" -o "src/main.o" "../src/main.c"
../src/main.c: In function 'main':
../src/main.c:10:10: warning: initialization makes pointer from integer without a cast [-Wint-conversion]
 int *ptr=0x43c00000;
          ^~~~~~~~~~
'Finished building: ../src/main.c'
' '
'Building target: leds.elf'
'Invoking: ARM v7 gcc linker'
arm-none-eabi-gcc -mcpu=cortex-a9 -mfpu=vfpv3 -mfloat-abi=hard -Wl,-build-id=none -specs=Xilinx.spec -Wl,-T -Wl,../src/lscript.ld -L../../leds_bsp/ps7_cortexa9_0/lib -o "leds.elf"  ./src/main.o   -Wl,--start-group,-lxil,-lgcc,-lc,--end-group
'Finished building target: leds.elf'
' '
'Invoking: ARM v7 Print Size'
arm-none-eabi-size leds.elf  |tee "leds.elf.size"
   text	   data	    bss	    dec	    hex	filename
  19136	   1144	  22568	  42848	   a760	leds.elf
'Finished building: leds.elf.size'
' '
12:09:43 **** Incremental Build of configuration Debug for project leds ****
make pre-build main-build 
a9-linaro-pre-build-step
' '
make: Nothing to be done for 'main-build'.
12:11:31 **** Auto Build of configuration Debug for project leds ****
make pre-build main-build 
a9-linaro-pre-build-step
' '
'Building file: ../src/main.c'
'Invoking: ARM v7 gcc compiler'
arm-none-eabi-gcc -Wall -O0 -g3 -c -fmessage-length=0 -MT"src/main.o" -mcpu=cortex-a9 -mfpu=vfpv3 -mfloat-abi=hard -I../../leds_bsp/ps7_cortexa9_0/include -MMD -MP -MF"src/main.d" -MT"src/main.o" -o "src/main.o" "../src/main.c"
../src/main.c: In function 'main':
../src/main.c:10:10: warning: initialization makes pointer from integer without a cast [-Wint-conversion]
 int *ptr=0x43c00000;
          ^~~~~~~~~~
'Finished building: ../src/main.c'
' '
'Building target: leds.elf'
'Invoking: ARM v7 gcc linker'
arm-none-eabi-gcc -mcpu=cortex-a9 -mfpu=vfpv3 -mfloat-abi=hard -Wl,-build-id=none -specs=Xilinx.spec -Wl,-T -Wl,../src/lscript.ld -L../../leds_bsp/ps7_cortexa9_0/lib -o "leds.elf"  ./src/main.o   -Wl,--start-group,-lxil,-lgcc,-lc,--end-group
'Finished building target: leds.elf'
' '
'Invoking: ARM v7 Print Size'
arm-none-eabi-size leds.elf  |tee "leds.elf.size"
   text	   data	    bss	    dec	    hex	filename
  19232	   1144	  22568	  42944	   a7c0	leds.elf
'Finished building: leds.elf.size'
' '
12:11:33 **** Incremental Build of configuration Debug for project leds ****
make pre-build main-build 
a9-linaro-pre-build-step
' '
make: Nothing to be done for 'main-build'.
12:13:33 **** Auto Build of configuration Debug for project leds ****
make pre-build main-build 
a9-linaro-pre-build-step
' '
'Building file: ../src/main.c'
'Invoking: ARM v7 gcc compiler'
arm-none-eabi-gcc -Wall -O0 -g3 -c -fmessage-length=0 -MT"src/main.o" -mcpu=cortex-a9 -mfpu=vfpv3 -mfloat-abi=hard -I../../leds_bsp/ps7_cortexa9_0/include -MMD -MP -MF"src/main.d" -MT"src/main.o" -o "src/main.o" "../src/main.c"
../src/main.c: In function 'main':
../src/main.c:10:10: warning: initialization makes pointer from integer without a cast [-Wint-conversion]
 int *ptr=0x43c00000;
          ^~~~~~~~~~
'Finished building: ../src/main.c'
' '
'Building target: leds.elf'
'Invoking: ARM v7 gcc linker'
arm-none-eabi-gcc -mcpu=cortex-a9 -mfpu=vfpv3 -mfloat-abi=hard -Wl,-build-id=none -specs=Xilinx.spec -Wl,-T -Wl,../src/lscript.ld -L../../leds_bsp/ps7_cortexa9_0/lib -o "leds.elf"  ./src/main.o   -Wl,--start-group,-lxil,-lgcc,-lc,--end-group
'Finished building target: leds.elf'
' '
'Invoking: ARM v7 Print Size'
arm-none-eabi-size leds.elf  |tee "leds.elf.size"
   text	   data	    bss	    dec	    hex	filename
  19232	   1144	  22568	  42944	   a7c0	leds.elf
'Finished building: leds.elf.size'
' '
